2021-12-06 00:00:00,111 INFO [thumbnailer-1] starting thumbnailer 2.7.3 (pillow 8.4.0, pillow-heif 0.1.4)
2021-12-06 00:00:00,222 INFO [thumbnailer-2] starting thumbnailer 2.7.3 (pillow 8.4.0, pillow-heif 0.1.4)
2021-12-06 00:01:40,464 INFO [thumbnailer-1] thumbnail created photo=133422684 format=heic sizes=256,1024 ms=84
2021-12-06 00:02:13,486 INFO [thumbnailer-1] thumbnail created photo=133422685 format=heic sizes=256,1024 ms=103
2021-12-06 00:04:34,977 INFO [thumbnailer-2] thumbnail created photo=133422686 format=jpg sizes=256,1024 ms=69
2021-12-06 00:05:22,823 INFO [thumbnailer-1] thumbnail created photo=133422687 format=heic sizes=256,1024 ms=111
2021-12-06 00:05:48,997 INFO [thumbnailer-1] thumbnail created photo=133422688 format=jpg sizes=256,1024 ms=32
2021-12-06 00:06:37,315 INFO [thumbnailer-2] thumbnail created photo=133422689 format=heic sizes=256,1024 ms=73
2021-12-06 00:10:32,578 INFO [thumbnailer-2] thumbnail created photo=133422690 format=jpg sizes=256,1024 ms=24
2021-12-06 00:10:33,526 INFO [thumbnailer-1] thumbnail created photo=133422691 format=jpg sizes=256,1024 ms=29
2021-12-06 00:10:45,122 INFO [thumbnailer-1] thumbnail created photo=133422692 format=heic sizes=256,1024 ms=24
2021-12-06 00:10:48,376 INFO [thumbnailer-2] thumbnail created photo=133422693 format=heic sizes=256,1024 ms=119
2021-12-06 00:11:12,621 INFO [thumbnailer-1] thumbnail created photo=133422694 format=jpg sizes=256,1024 ms=33
2021-12-06 00:11:13,944 INFO [thumbnailer-2] thumbnail created photo=133422695 format=jpg sizes=256,1024 ms=18
2021-12-06 00:11:16,104 INFO [thumbnailer-2] thumbnail created photo=133422696 format=jpg sizes=256,1024 ms=40
2021-12-06 00:12:10,677 INFO [thumbnailer-1] thumbnail created photo=133422697 format=jpg sizes=256,1024 ms=56
2021-12-06 00:14:05,550 INFO [thumbnailer-2] thumbnail created photo=133422698 format=heic sizes=256,1024 ms=61
2021-12-06 00:14:07,201 INFO [thumbnailer-2] thumbnail created photo=133422699 format=jpg sizes=256,1024 ms=38
2021-12-06 00:28:14,678 INFO [thumbnailer-1] thumbnail created photo=133422700 format=jpg sizes=256,1024 ms=17
2021-12-06 00:34:46,719 INFO [thumbnailer-1] thumbnail created photo=133422701 format=jpg sizes=256,1024 ms=18
2021-12-06 00:35:23,173 INFO [thumbnailer-1] thumbnail created photo=133422702 format=jpg sizes=256,1024 ms=40
2021-12-06 00:35:53,169 INFO [thumbnailer-2] thumbnail created photo=133422703 format=jpg sizes=256,1024 ms=28
2021-12-06 00:37:51,829 INFO [thumbnailer-1] thumbnail created photo=133422704 format=jpg sizes=256,1024 ms=38
2021-12-06 00:38:22,599 INFO [thumbnailer-1] thumbnail created photo=133422705 format=heic sizes=256,1024 ms=47
2021-12-06 00:41:14,187 INFO [thumbnailer-1] thumbnail created photo=133422706 format=heic sizes=256,1024 ms=26
2021-12-06 00:44:18,937 INFO [thumbnailer-2] thumbnail created photo=133422707 format=heic sizes=256,1024 ms=34
2021-12-06 00:45:01,464 INFO [thumbnailer-2] thumbnail created photo=133422708 format=heic sizes=256,1024 ms=46
2021-12-06 00:45:06,174 INFO [thumbnailer-1] thumbnail created photo=133422709 format=heic sizes=256,1024 ms=48
2021-12-06 00:45:57,155 INFO [thumbnailer-1] thumbnail created photo=133422710 format=jpg sizes=256,1024 ms=77
2021-12-06 01:11:11,706 INFO [thumbnailer-1] thumbnail created photo=133422711 format=jpg sizes=256,1024 ms=16
2021-12-06 01:13:01,282 INFO [thumbnailer-1] thumbnail created photo=133422712 format=jpg sizes=256,1024 ms=27
2021-12-06 01:17:52,196 INFO [thumbnailer-1] thumbnail created photo=133422713 format=heic sizes=256,1024 ms=67
2021-12-06 01:24:56,991 INFO [thumbnailer-2] thumbnail created photo=133422714 format=jpg sizes=256,1024 ms=50
2021-12-06 01:27:47,411 INFO [thumbnailer-2] thumbnail created photo=133422715 format=jpg sizes=256,1024 ms=26
2021-12-06 01:31:41,402 INFO [thumbnailer-1] thumbnail created photo=133422716 format=jpg sizes=256,1024 ms=17
2021-12-06 01:34:05,521 INFO [thumbnailer-2] thumbnail created photo=133422717 format=jpg sizes=256,1024 ms=24
2021-12-06 01:48:51,726 INFO [thumbnailer-1] thumbnail created photo=133422718 format=heic sizes=256,1024 ms=176
2021-12-06 01:50:17,866 INFO [thumbnailer-1] thumbnail created photo=133422719 format=jpg sizes=256,1024 ms=27
2021-12-06 01:51:23,664 INFO [thumbnailer-2] thumbnail created photo=133422720 format=heic sizes=256,1024 ms=81
2021-12-06 01:51:52,408 INFO [thumbnailer-2] thumbnail created photo=133422721 format=heic sizes=256,1024 ms=43
2021-12-06 01:51:58,023 INFO [thumbnailer-2] thumbnail created photo=133422722 format=heic sizes=256,1024 ms=52
2021-12-06 01:52:15,620 INFO [thumbnailer-1] thumbnail created photo=133422723 format=jpg sizes=256,1024 ms=61
2021-12-06 01:53:44,401 INFO [thumbnailer-1] thumbnail created photo=133422724 format=png sizes=256,1024 ms=16
2021-12-06 02:11:57,220 INFO [thumbnailer-2] thumbnail created photo=133422725 format=jpg sizes=256,1024 ms=36
2021-12-06 02:14:08,120 INFO [thumbnailer-1] thumbnail created photo=133422726 format=heic sizes=256,1024 ms=127
2021-12-06 02:15:51,916 INFO [thumbnailer-2] thumbnail created photo=133422727 format=png sizes=256,1024 ms=23
2021-12-06 02:16:24,195 INFO [thumbnailer-2] thumbnail created photo=133422728 format=heic sizes=256,1024 ms=58
2021-12-06 03:53:33,219 INFO [thumbnailer-2] thumbnail created photo=133422729 format=jpg sizes=256,1024 ms=21
2021-12-06 03:55:07,365 INFO [thumbnailer-1] thumbnail created photo=133422730 format=jpg sizes=256,1024 ms=28
2021-12-06 03:57:27,906 INFO [thumbnailer-2] thumbnail created photo=133422731 format=jpg sizes=256,1024 ms=15
2021-12-06 03:57:45,942 INFO [thumbnailer-1] thumbnail created photo=133422732 format=jpg sizes=256,1024 ms=29
2021-12-06 04:00:57,268 INFO [thumbnailer-2] thumbnail created photo=133422733 format=jpg sizes=256,1024 ms=35
2021-12-06 04:04:02,216 INFO [thumbnailer-2] thumbnail created photo=133422734 format=jpg sizes=256,1024 ms=60
2021-12-06 04:05:21,986 INFO [thumbnailer-1] thumbnail created photo=133422735 format=jpg sizes=256,1024 ms=21
2021-12-06 05:23:52,939 INFO [thumbnailer-2] thumbnail created photo=133422736 format=jpg sizes=256,1024 ms=70
2021-12-06 05:23:59,183 INFO [thumbnailer-1] thumbnail created photo=133422737 format=heic sizes=256,1024 ms=74
2021-12-06 05:25:14,929 INFO [thumbnailer-2] thumbnail created photo=133422738 format=jpg sizes=256,1024 ms=26
2021-12-06 05:25:55,126 INFO [thumbnailer-1] thumbnail created photo=133422739 format=heic sizes=256,1024 ms=38
2021-12-06 05:26:43,775 INFO [thumbnailer-1] thumbnail created photo=133422740 format=jpg sizes=256,1024 ms=25
2021-12-06 05:28:06,681 INFO [thumbnailer-1] thumbnail created photo=133422741 format=jpg sizes=256,1024 ms=33
2021-12-06 05:30:37,945 INFO [thumbnailer-2] thumbnail created photo=133422742 format=jpg sizes=256,1024 ms=28
2021-12-06 05:31:08,675 INFO [thumbnailer-1] thumbnail created photo=133422743 format=jpg sizes=256,1024 ms=29
2021-12-06 06:02:48,399 INFO [thumbnailer-1] thumbnail created photo=133422744 format=jpg sizes=256,1024 ms=21
2021-12-06 06:05:25,069 INFO [thumbnailer-2] thumbnail created photo=133422745 format=jpg sizes=256,1024 ms=25
2021-12-06 06:19:23,449 INFO [thumbnailer-1] thumbnail created photo=133422746 format=heic sizes=256,1024 ms=47
2021-12-06 06:20:07,150 INFO [thumbnailer-1] thumbnail created photo=133422747 format=heic sizes=256,1024 ms=43
2021-12-06 06:21:43,500 INFO [thumbnailer-2] thumbnail created photo=133422748 format=heic sizes=256,1024 ms=78
2021-12-06 06:25:40,337 INFO [thumbnailer-2] thumbnail created photo=133422749 format=heic sizes=256,1024 ms=40
2021-12-06 08:05:32,244 INFO [thumbnailer-2] thumbnail created photo=133422750 format=jpg sizes=256,1024 ms=33
2021-12-06 08:06:13,839 INFO [thumbnailer-1] thumbnail created photo=133422751 format=jpg sizes=256,1024 ms=22
2021-12-06 08:06:48,856 INFO [thumbnailer-1] thumbnail created photo=133422752 format=jpg sizes=256,1024 ms=23
2021-12-06 08:08:13,859 INFO [thumbnailer-1] thumbnail created photo=133422753 format=jpg sizes=256,1024 ms=29
2021-12-06 08:11:35,381 INFO [thumbnailer-2] thumbnail created photo=133422754 format=jpg sizes=256,1024 ms=30
2021-12-06 10:08:49,732 INFO [thumbnailer-2] thumbnail created photo=133422755 format=jpg sizes=256,1024 ms=34
2021-12-06 13:39:25,013 INFO [thumbnailer-1] thumbnail created photo=133422756 format=heic sizes=256,1024 ms=43
2021-12-06 13:46:56,451 INFO [thumbnailer-1] thumbnail created photo=133422757 format=heic sizes=256,1024 ms=100
2021-12-06 13:47:41,726 INFO [thumbnailer-1] thumbnail created photo=133422758 format=heic sizes=256,1024 ms=96
2021-12-06 15:14:42,223 INFO [thumbnailer-1] thumbnail created photo=133422759 format=heic sizes=256,1024 ms=78
2021-12-06 15:17:28,292 INFO [thumbnailer-1] thumbnail created photo=133422760 format=heic sizes=256,1024 ms=80
2021-12-06 15:39:21,993 INFO [thumbnailer-1] thumbnail created photo=133422761 format=heic sizes=256,1024 ms=35
2021-12-06 15:45:17,222 INFO [thumbnailer-2] thumbnail created photo=133422762 format=heic sizes=256,1024 ms=79
2021-12-06 15:47:06,808 INFO [thumbnailer-1] thumbnail created photo=133422763 format=heic sizes=256,1024 ms=56
2021-12-06 15:47:12,344 INFO [thumbnailer-1] thumbnail created photo=133422764 format=jpg sizes=256,1024 ms=23
2021-12-06 15:57:42,661 INFO [thumbnailer-2] thumbnail created photo=133422765 format=jpg sizes=256,1024 ms=23
2021-12-06 16:26:26,503 INFO [thumbnailer-2] thumbnail created photo=133422766 format=heic sizes=256,1024 ms=78
2021-12-06 16:39:12,087 INFO [thumbnailer-1] thumbnail created photo=133422767 format=jpg sizes=256,1024 ms=32
2021-12-06 16:40:12,525 INFO [thumbnailer-1] thumbnail created photo=133422768 format=jpg sizes=256,1024 ms=44
2021-12-06 16:40:15,486 INFO [thumbnailer-1] thumbnail created photo=133422769 format=jpg sizes=256,1024 ms=75
2021-12-06 16:42:26,226 INFO [thumbnailer-1] thumbnail created photo=133422770 format=jpg sizes=256,1024 ms=58
2021-12-06 16:42:28,600 INFO [thumbnailer-1] thumbnail created photo=133422771 format=jpg sizes=256,1024 ms=51
2021-12-06 16:44:18,181 INFO [thumbnailer-1] thumbnail created photo=133422772 format=jpg sizes=256,1024 ms=54
2021-12-06 16:44:40,818 INFO [thumbnailer-1] thumbnail created photo=133422773 format=jpg sizes=256,1024 ms=40
2021-12-06 16:49:53,630 INFO [thumbnailer-1] thumbnail created photo=133422774 format=jpg sizes=256,1024 ms=28
2021-12-06 16:52:24,352 INFO [thumbnailer-2] thumbnail created photo=133422775 format=jpg sizes=256,1024 ms=27
2021-12-06 16:53:51,486 INFO [thumbnailer-1] thumbnail created photo=133422776 format=jpg sizes=256,1024 ms=35
2021-12-06 16:55:21,521 INFO [thumbnailer-2] thumbnail created photo=133422777 format=jpg sizes=256,1024 ms=41
2021-12-06 17:23:14,381 INFO [thumbnailer-2] thumbnail created photo=133422778 format=jpg sizes=256,1024 ms=25
2021-12-06 17:23:52,167 INFO [thumbnailer-1] thumbnail created photo=133422779 format=jpg sizes=256,1024 ms=38
2021-12-06 17:24:26,929 INFO [thumbnailer-2] thumbnail created photo=133422780 format=jpg sizes=256,1024 ms=66
2021-12-06 18:26:22,560 INFO [thumbnailer-2] thumbnail created photo=133422781 format=jpg sizes=256,1024 ms=21
2021-12-06 18:47:35,759 INFO [thumbnailer-2] thumbnail created photo=133422782 format=jpg sizes=256,1024 ms=55
2021-12-06 18:48:02,005 INFO [thumbnailer-1] thumbnail created photo=133422783 format=jpg sizes=256,1024 ms=25
2021-12-06 18:48:18,687 INFO [thumbnailer-1] thumbnail created photo=133422784 format=jpg sizes=256,1024 ms=23
2021-12-06 18:50:04,611 INFO [thumbnailer-2] thumbnail created photo=133422785 format=heic sizes=256,1024 ms=36
2021-12-06 18:50:23,984 INFO [thumbnailer-1] thumbnail created photo=133422786 format=heic sizes=256,1024 ms=83
2021-12-06 18:51:12,334 INFO [thumbnailer-1] thumbnail created photo=133422787 format=png sizes=256,1024 ms=24
2021-12-06 18:51:36,691 INFO [thumbnailer-1] thumbnail created photo=133422788 format=jpg sizes=256,1024 ms=18
2021-12-06 19:01:33,392 INFO [thumbnailer-2] thumbnail created photo=133422789 format=jpg sizes=256,1024 ms=76
2021-12-06 19:05:08,856 INFO [thumbnailer-1] thumbnail created photo=133422790 format=jpg sizes=256,1024 ms=48
2021-12-06 19:06:00,706 INFO [thumbnailer-2] thumbnail created photo=133422791 format=jpg sizes=256,1024 ms=50
2021-12-06 19:06:43,902 INFO [thumbnailer-1] thumbnail created photo=133422792 format=jpg sizes=256,1024 ms=48
2021-12-06 19:07:26,451 INFO [thumbnailer-2] thumbnail created photo=133422793 format=jpg sizes=256,1024 ms=22
2021-12-06 19:08:40,079 INFO [thumbnailer-1] thumbnail created photo=133422794 format=jpg sizes=256,1024 ms=48
2021-12-06 19:12:16,191 INFO [thumbnailer-1] thumbnail created photo=133422795 format=jpg sizes=256,1024 ms=43
2021-12-06 19:17:18,629 INFO [thumbnailer-1] thumbnail created photo=133422796 format=jpg sizes=256,1024 ms=53
2021-12-06 19:17:49,795 INFO [thumbnailer-1] thumbnail created photo=133422797 format=jpg sizes=256,1024 ms=36
2021-12-06 19:18:56,079 INFO [thumbnailer-2] thumbnail created photo=133422798 format=jpg sizes=256,1024 ms=30
2021-12-06 19:18:58,932 INFO [thumbnailer-2] thumbnail created photo=133422799 format=jpg sizes=256,1024 ms=42
2021-12-06 19:34:59,626 INFO [thumbnailer-1] thumbnail created photo=133422800 format=jpg sizes=256,1024 ms=30
2021-12-06 19:37:34,958 INFO [thumbnailer-2] thumbnail created photo=133422801 format=png sizes=256,1024 ms=18
2021-12-06 19:37:49,157 INFO [thumbnailer-1] thumbnail created photo=133422802 format=heic sizes=256,1024 ms=66
2021-12-06 19:38:11,748 INFO [thumbnailer-1] thumbnail created photo=133422803 format=heic sizes=256,1024 ms=35
2021-12-06 19:38:38,656 INFO [thumbnailer-2] thumbnail created photo=133422804 format=heic sizes=256,1024 ms=68
2021-12-06 19:39:53,043 INFO [thumbnailer-2] thumbnail created photo=133422805 format=heic sizes=256,1024 ms=32
2021-12-06 19:39:58,896 INFO [thumbnailer-2] thumbnail created photo=133422806 format=jpg sizes=256,1024 ms=39
2021-12-06 19:40:14,564 INFO [thumbnailer-2] thumbnail created photo=133422807 format=heic sizes=256,1024 ms=47
2021-12-06 19:40:32,646 INFO [thumbnailer-1] thumbnail created photo=133422808 format=heic sizes=256,1024 ms=36
2021-12-06 19:41:51,133 INFO [thumbnailer-1] thumbnail created photo=133422809 format=heic sizes=256,1024 ms=57
2021-12-06 19:42:22,810 INFO [thumbnailer-2] thumbnail created photo=133422810 format=jpg sizes=256,1024 ms=41
2021-12-06 19:44:17,257 INFO [thumbnailer-2] thumbnail created photo=133422811 format=jpg sizes=256,1024 ms=17
2021-12-06 19:56:59,728 INFO [thumbnailer-1] thumbnail created photo=133422812 format=jpg sizes=256,1024 ms=30
2021-12-06 19:58:14,823 INFO [thumbnailer-2] thumbnail created photo=133422813 format=jpg sizes=256,1024 ms=24
2021-12-06 20:22:15,259 INFO [thumbnailer-1] thumbnail created photo=133422814 format=jpg sizes=256,1024 ms=24
2021-12-06 20:31:48,902 INFO [thumbnailer-2] thumbnail created photo=133422815 format=heic sizes=256,1024 ms=38
2021-12-06 20:35:36,566 INFO [thumbnailer-2] thumbnail created photo=133422816 format=heic sizes=256,1024 ms=60
2021-12-06 21:42:39,414 INFO [thumbnailer-2] thumbnail created photo=133422817 format=heic sizes=256,1024 ms=54
2021-12-06 21:45:54,238 INFO [thumbnailer-2] thumbnail created photo=133422818 format=heic sizes=256,1024 ms=42
2021-12-06 21:55:48,925 INFO [thumbnailer-2] thumbnail created photo=133422819 format=jpg sizes=256,1024 ms=42
2021-12-06 22:00:33,714 INFO [thumbnailer-2] thumbnail created photo=133422820 format=jpg sizes=256,1024 ms=54
2021-12-06 22:00:57,741 INFO [thumbnailer-2] thumbnail created photo=133422821 format=jpg sizes=256,1024 ms=50
2021-12-06 22:01:23,973 INFO [thumbnailer-2] thumbnail created photo=133422822 format=jpg sizes=256,1024 ms=36
2021-12-06 22:06:05,998 INFO [thumbnailer-1] thumbnail created photo=133422823 format=jpg sizes=256,1024 ms=30
2021-12-06 22:06:16,645 INFO [thumbnailer-1] thumbnail created photo=133422824 format=jpg sizes=256,1024 ms=13
2021-12-06 22:09:30,003 INFO [thumbnailer-2] thumbnail created photo=133422825 format=jpg sizes=256,1024 ms=21
2021-12-06 22:10:12,407 INFO [thumbnailer-2] thumbnail created photo=133422826 format=heic sizes=256,1024 ms=53
2021-12-06 22:10:15,632 INFO [thumbnailer-1] thumbnail created photo=133422827 format=jpg sizes=256,1024 ms=20
2021-12-06 22:10:37,962 INFO [thumbnailer-2] thumbnail created photo=133422828 format=jpg sizes=256,1024 ms=46
2021-12-06 22:12:35,508 INFO [thumbnailer-1] thumbnail created photo=133422829 format=jpg sizes=256,1024 ms=31
2021-12-06 22:12:43,557 INFO [thumbnailer-2] thumbnail created photo=133422830 format=heic sizes=256,1024 ms=79
2021-12-06 22:13:29,409 INFO [thumbnailer-2] thumbnail created photo=133422831 format=jpg sizes=256,1024 ms=45
2021-12-06 22:15:09,623 INFO [thumbnailer-1] thumbnail created photo=133422832 format=heic sizes=256,1024 ms=56
2021-12-06 22:15:33,801 INFO [thumbnailer-1] thumbnail created photo=133422833 format=png sizes=256,1024 ms=40
2021-12-06 22:16:25,172 INFO [thumbnailer-1] thumbnail created photo=133422834 format=heic sizes=256,1024 ms=99
2021-12-06 22:43:24,320 INFO [thumbnailer-2] thumbnail created photo=133422835 format=jpg sizes=256,1024 ms=26
2021-12-06 22:44:51,493 INFO [thumbnailer-1] thumbnail created photo=133422836 format=jpg sizes=256,1024 ms=26
2021-12-06 22:47:47,168 INFO [thumbnailer-1] thumbnail created photo=133422837 format=jpg sizes=256,1024 ms=47
2021-12-06 22:49:42,879 INFO [thumbnailer-2] thumbnail created photo=133422838 format=jpg sizes=256,1024 ms=36
2021-12-06 22:50:26,027 INFO [thumbnailer-1] thumbnail created photo=133422839 format=jpg sizes=256,1024 ms=37
2021-12-06 22:51:05,366 INFO [thumbnailer-2] thumbnail created photo=133422840 format=jpg sizes=256,1024 ms=61
2021-12-06 23:19:56,973 INFO [thumbnailer-1] thumbnail created photo=133422841 format=heic sizes=256,1024 ms=62
2021-12-06 23:22:49,989 INFO [thumbnailer-2] thumbnail created photo=133422842 format=heic sizes=256,1024 ms=64
2021-12-06 23:24:24,511 INFO [thumbnailer-1] thumbnail created photo=133422843 format=heic sizes=256,1024 ms=37
2021-12-06 23:25:35,093 INFO [thumbnailer-1] thumbnail created photo=133422844 format=jpg sizes=256,1024 ms=25
2021-12-06 23:26:19,474 INFO [thumbnailer-2] thumbnail created photo=133422845 format=jpg sizes=256,1024 ms=47
2021-12-06 23:27:01,536 INFO [thumbnailer-2] thumbnail created photo=133422846 format=jpg sizes=256,1024 ms=24
2021-12-06 23:27:49,799 INFO [thumbnailer-1] thumbnail created photo=133422847 format=jpg sizes=256,1024 ms=35
2021-12-06 23:28:06,185 INFO [thumbnailer-1] thumbnail created photo=133422848 format=jpg sizes=256,1024 ms=21
2021-12-06 23:28:59,939 INFO [thumbnailer-2] thumbnail created photo=133422849 format=jpg sizes=256,1024 ms=17
2021-12-06 23:34:22,769 INFO [thumbnailer-1] thumbnail created photo=133422850 format=png sizes=256,1024 ms=29
2021-12-06 23:36:47,171 INFO [thumbnailer-2] thumbnail created photo=133422851 format=jpg sizes=256,1024 ms=33
2021-12-06 23:38:33,505 INFO [thumbnailer-2] thumbnail created photo=133422852 format=jpg sizes=256,1024 ms=29
2021-12-06 23:43:10,242 INFO [thumbnailer-2] thumbnail created photo=133422853 format=jpg sizes=256,1024 ms=28
2021-12-06 23:50:19,428 INFO [thumbnailer-1] thumbnail created photo=133422854 format=jpg sizes=256,1024 ms=33
2021-12-06 23:50:30,121 INFO [thumbnailer-1] thumbnail created photo=133422855 format=jpg sizes=256,1024 ms=53
2021-12-06 23:50:42,567 INFO [thumbnailer-1] thumbnail created photo=133422856 format=jpg sizes=256,1024 ms=39
2021-12-06 23:51:37,039 INFO [thumbnailer-2] thumbnail created photo=133422857 format=jpg sizes=256,1024 ms=44
2021-12-06 23:52:13,440 INFO [thumbnailer-2] thumbnail created photo=133422858 format=jpg sizes=256,1024 ms=38
2021-12-06 23:53:06,063 INFO [thumbnailer-1] thumbnail created photo=133422859 format=jpg sizes=256,1024 ms=19
2021-12-06 23:53:38,595 INFO [thumbnailer-1] thumbnail created photo=133422860 format=jpg sizes=256,1024 ms=57
2021-12-06 23:54:47,002 INFO [thumbnailer-2] thumbnail created photo=133422861 format=jpg sizes=256,1024 ms=27
2021-12-06 23:55:22,856 INFO [thumbnailer-2] thumbnail created photo=133422862 format=jpg sizes=256,1024 ms=39
2021-12-07 00:06:21,356 INFO [thumbnailer-2] thumbnail created photo=133422863 format=jpg sizes=256,1024 ms=23
2021-12-07 00:13:05,956 INFO [thumbnailer-1] thumbnail created photo=133422864 format=jpg sizes=256,1024 ms=39
2021-12-07 00:14:01,345 INFO [thumbnailer-1] thumbnail created photo=133422865 format=jpg sizes=256,1024 ms=32
2021-12-07 00:14:52,160 INFO [thumbnailer-1] thumbnail created photo=133422866 format=jpg sizes=256,1024 ms=26
2021-12-07 00:56:59,369 INFO [thumbnailer-1] thumbnail created photo=133422867 format=jpg sizes=256,1024 ms=63
2021-12-07 00:57:21,399 INFO [thumbnailer-2] thumbnail created photo=133422868 format=jpg sizes=256,1024 ms=28
2021-12-07 00:57:38,708 INFO [thumbnailer-2] thumbnail created photo=133422870 format=jpg sizes=256,1024 ms=29
2021-12-07 00:57:38,753 INFO [thumbnailer-1] thumbnail created photo=133422869 format=jpg sizes=256,1024 ms=23
2021-12-07 00:57:43,421 INFO [thumbnailer-2] thumbnail created photo=133422871 format=jpg sizes=256,1024 ms=39
2021-12-07 00:57:56,254 INFO [thumbnailer-1] thumbnail created photo=133422872 format=jpg sizes=256,1024 ms=22
2021-12-07 00:59:10,705 INFO [thumbnailer-1] thumbnail created photo=133422873 format=jpg sizes=256,1024 ms=57
2021-12-07 00:59:25,216 INFO [thumbnailer-1] thumbnail created photo=133422874 format=jpg sizes=256,1024 ms=55
2021-12-07 01:00:30,332 INFO [thumbnailer-2] thumbnail created photo=133422875 format=jpg sizes=256,1024 ms=30
2021-12-07 01:01:09,178 INFO [thumbnailer-2] thumbnail created photo=133422876 format=jpg sizes=256,1024 ms=36
2021-12-07 01:01:34,202 INFO [thumbnailer-2] thumbnail created photo=133422877 format=jpg sizes=256,1024 ms=29
2021-12-07 01:01:40,177 INFO [thumbnailer-2] thumbnail created photo=133422878 format=jpg sizes=256,1024 ms=47
2021-12-07 01:03:26,337 INFO [thumbnailer-2] thumbnail created photo=133422879 format=jpg sizes=256,1024 ms=25
2021-12-07 01:04:29,990 INFO [thumbnailer-2] thumbnail created photo=133422880 format=jpg sizes=256,1024 ms=18
2021-12-07 01:04:54,891 INFO [thumbnailer-1] thumbnail created photo=133422881 format=jpg sizes=256,1024 ms=36
2021-12-07 01:05:39,654 INFO [thumbnailer-2] thumbnail created photo=133422882 format=jpg sizes=256,1024 ms=30
2021-12-07 01:06:25,401 INFO [thumbnailer-2] thumbnail created photo=133422883 format=png sizes=256,1024 ms=38
2021-12-07 01:10:56,157 INFO [thumbnailer-2] thumbnail created photo=133422884 format=jpg sizes=256,1024 ms=32
2021-12-07 01:13:28,695 INFO [thumbnailer-1] thumbnail created photo=133422885 format=heic sizes=256,1024 ms=90
2021-12-07 01:15:55,826 INFO [thumbnailer-1] thumbnail created photo=133422886 format=heic sizes=256,1024 ms=78
2021-12-07 01:28:40,725 INFO [thumbnailer-2] thumbnail created photo=133422887 format=heic sizes=256,1024 ms=33
2021-12-07 01:32:36,450 INFO [thumbnailer-1] thumbnail created photo=133422888 format=heic sizes=256,1024 ms=60
2021-12-07 01:33:00,153 INFO [thumbnailer-2] thumbnail created photo=133422889 format=heic sizes=256,1024 ms=35
2021-12-07 01:47:32,872 INFO [thumbnailer-2] thumbnail created photo=133422890 format=heic sizes=256,1024 ms=60
2021-12-07 02:02:52,691 INFO [thumbnailer-1] thumbnail created photo=133422891 format=jpg sizes=256,1024 ms=54
2021-12-07 02:09:21,167 INFO [thumbnailer-1] thumbnail created photo=133422892 format=heic sizes=256,1024 ms=59
2021-12-07 02:14:39,632 INFO [thumbnailer-1] thumbnail created photo=133422893 format=heic sizes=256,1024 ms=36
2021-12-07 02:15:04,690 INFO [thumbnailer-2] thumbnail created photo=133422894 format=heic sizes=256,1024 ms=104
2021-12-07 02:24:32,610 INFO [thumbnailer-1] thumbnail created photo=133422895 format=heic sizes=256,1024 ms=37
2021-12-07 02:24:54,739 INFO [thumbnailer-2] thumbnail created photo=133422896 format=heic sizes=256,1024 ms=74
2021-12-07 02:28:04,689 INFO [thumbnailer-1] thumbnail created photo=133422897 format=heic sizes=256,1024 ms=46
2021-12-07 02:50:17,732 INFO [thumbnailer-1] thumbnail created photo=133422898 format=jpg sizes=256,1024 ms=21
2021-12-07 02:50:28,065 INFO [thumbnailer-2] thumbnail created photo=133422899 format=jpg sizes=256,1024 ms=18
2021-12-07 02:52:52,198 INFO [thumbnailer-2] thumbnail created photo=133422900 format=jpg sizes=256,1024 ms=61
2021-12-07 02:53:55,113 INFO [thumbnailer-2] thumbnail created photo=133422901 format=jpg sizes=256,1024 ms=44
2021-12-07 03:03:50,938 INFO [thumbnailer-2] thumbnail created photo=133422902 format=jpg sizes=256,1024 ms=28
2021-12-07 03:07:10,488 INFO [thumbnailer-1] thumbnail created photo=133422903 format=heic sizes=256,1024 ms=47
2021-12-07 03:08:31,415 INFO [thumbnailer-1] thumbnail created photo=133422904 format=jpg sizes=256,1024 ms=35
2021-12-07 03:08:43,708 INFO [thumbnailer-1] thumbnail created photo=133422905 format=heic sizes=256,1024 ms=56
2021-12-07 03:09:15,046 INFO [thumbnailer-1] thumbnail created photo=133422906 format=jpg sizes=256,1024 ms=17
2021-12-07 03:10:10,664 INFO [thumbnailer-2] thumbnail created photo=133422907 format=heic sizes=256,1024 ms=94
2021-12-07 03:13:52,495 INFO [thumbnailer-2] thumbnail created photo=133422908 format=jpg sizes=256,1024 ms=36
2021-12-07 03:18:58,268 INFO [thumbnailer-1] thumbnail created photo=133422909 format=jpg sizes=256,1024 ms=22
2021-12-07 03:48:25,783 INFO [thumbnailer-1] thumbnail created photo=133422910 format=jpg sizes=256,1024 ms=35
2021-12-07 03:49:00,858 INFO [thumbnailer-2] thumbnail created photo=133422911 format=jpg sizes=256,1024 ms=59
2021-12-07 03:51:57,644 INFO [thumbnailer-2] thumbnail created photo=133422912 format=jpg sizes=256,1024 ms=52
2021-12-07 03:52:21,031 INFO [thumbnailer-1] thumbnail created photo=133422913 format=jpg sizes=256,1024 ms=34
2021-12-07 03:54:56,734 INFO [thumbnailer-1] thumbnail created photo=133422914 format=jpg sizes=256,1024 ms=58
2021-12-07 03:55:01,890 INFO [thumbnailer-1] thumbnail created photo=133422915 format=jpg sizes=256,1024 ms=29
2021-12-07 05:27:24,089 INFO [thumbnailer-1] thumbnail created photo=133422916 format=heic sizes=256,1024 ms=86
2021-12-07 05:27:38,487 INFO [thumbnailer-2] thumbnail created photo=133422917 format=heic sizes=256,1024 ms=50
2021-12-07 05:31:12,322 INFO [thumbnailer-1] thumbnail created photo=133422918 format=heic sizes=256,1024 ms=67
2021-12-07 06:37:40,804 INFO [thumbnailer-2] thumbnail created photo=133422919 format=jpg sizes=256,1024 ms=20
2021-12-07 06:38:40,978 INFO [thumbnailer-1] thumbnail created photo=133422920 format=png sizes=256,1024 ms=22
2021-12-07 06:41:03,429 INFO [thumbnailer-1] thumbnail created photo=133422921 format=jpg sizes=256,1024 ms=46
2021-12-07 08:09:23,940 INFO [thumbnailer-1] thumbnail created photo=133422922 format=heic sizes=256,1024 ms=49
2021-12-07 08:09:56,175 INFO [thumbnailer-2] thumbnail created photo=133422923 format=heic sizes=256,1024 ms=40
2021-12-07 08:10:08,454 INFO [thumbnailer-2] thumbnail created photo=133422924 format=heic sizes=256,1024 ms=35
2021-12-07 08:10:16,707 INFO [thumbnailer-2] thumbnail created photo=133422925 format=heic sizes=256,1024 ms=68
2021-12-07 08:10:35,669 INFO [thumbnailer-2] thumbnail created photo=133422926 format=heic sizes=256,1024 ms=70
2021-12-07 08:11:15,654 INFO [thumbnailer-1] thumbnail created photo=133422927 format=heic sizes=256,1024 ms=94
2021-12-07 08:12:28,324 INFO [thumbnailer-2] thumbnail created photo=133422928 format=jpg sizes=256,1024 ms=34
2021-12-07 08:12:28,622 INFO [thumbnailer-1] thumbnail created photo=133422929 format=heic sizes=256,1024 ms=99
2021-12-07 08:12:52,259 INFO [thumbnailer-2] thumbnail created photo=133422930 format=heic sizes=256,1024 ms=66
2021-12-07 08:12:55,404 INFO [thumbnailer-2] thumbnail created photo=133422931 format=heic sizes=256,1024 ms=28
2021-12-07 08:13:04,567 INFO [thumbnailer-2] thumbnail created photo=133422932 format=heic sizes=256,1024 ms=105
2021-12-07 08:13:17,512 INFO [thumbnailer-2] thumbnail created photo=133422933 format=jpg sizes=256,1024 ms=32
2021-12-07 08:15:37,297 INFO [thumbnailer-2] thumbnail created photo=133422934 format=heic sizes=256,1024 ms=58
2021-12-07 08:15:37,942 INFO [thumbnailer-2] thumbnail created photo=133422935 format=heic sizes=256,1024 ms=49
2021-12-07 08:16:51,027 INFO [thumbnailer-1] thumbnail created photo=133422936 format=heic sizes=256,1024 ms=24
2021-12-07 08:17:15,581 INFO [thumbnailer-2] thumbnail created photo=133422937 format=heic sizes=256,1024 ms=60
2021-12-07 08:17:26,095 INFO [thumbnailer-1] thumbnail created photo=133422938 format=heic sizes=256,1024 ms=53
2021-12-07 08:17:44,364 INFO [thumbnailer-1] thumbnail created photo=133422939 format=heic sizes=256,1024 ms=83
2021-12-07 08:24:07,320 INFO [thumbnailer-1] thumbnail created photo=133422940 format=jpg sizes=256,1024 ms=30
2021-12-07 08:42:56,579 INFO [thumbnailer-2] thumbnail created photo=133422941 format=heic sizes=256,1024 ms=52
2021-12-07 08:44:28,468 INFO [thumbnailer-1] thumbnail created photo=133422942 format=heic sizes=256,1024 ms=42
2021-12-07 08:47:42,919 INFO [thumbnailer-1] thumbnail created photo=133422943 format=heic sizes=256,1024 ms=82
2021-12-07 08:49:29,016 INFO [thumbnailer-2] thumbnail created photo=133422944 format=jpg sizes=256,1024 ms=63
2021-12-07 08:50:16,050 INFO [thumbnailer-1] thumbnail created photo=133422945 format=heic sizes=256,1024 ms=30
2021-12-07 08:53:58,704 INFO [thumbnailer-2] thumbnail created photo=133422946 format=heic sizes=256,1024 ms=88
2021-12-07 08:57:48,822 INFO [thumbnailer-1] thumbnail created photo=133422947 format=heic sizes=256,1024 ms=55
2021-12-07 09:49:40,955 INFO [thumbnailer-2] thumbnail created photo=133422948 format=heic sizes=256,1024 ms=54
2021-12-07 10:13:15,633 INFO [thumbnailer-1] thumbnail created photo=133422949 format=heic sizes=256,1024 ms=64
2021-12-07 10:16:11,889 INFO [thumbnailer-2] thumbnail created photo=133422950 format=jpg sizes=256,1024 ms=19
2021-12-07 15:30:58,039 INFO [thumbnailer-2] thumbnail created photo=133422951 format=jpg sizes=256,1024 ms=37
2021-12-07 15:32:25,162 INFO [thumbnailer-1] thumbnail created photo=133422952 format=jpg sizes=256,1024 ms=20
2021-12-07 15:33:10,578 INFO [thumbnailer-1] thumbnail created photo=133422953 format=jpg sizes=256,1024 ms=47
2021-12-07 15:33:49,714 INFO [thumbnailer-1] thumbnail created photo=133422954 format=jpg sizes=256,1024 ms=41
2021-12-07 15:35:49,395 INFO [thumbnailer-2] thumbnail created photo=133422955 format=jpg sizes=256,1024 ms=29
2021-12-07 15:52:20,111 INFO [thumbnailer-1] starting thumbnailer 2.8.0 (pillow 8.4.0, pillow-heif not installed)
2021-12-07 15:52:20,222 INFO [thumbnailer-2] starting thumbnailer 2.8.0 (pillow 8.4.0, pillow-heif not installed)
2021-12-07 16:11:15,229 INFO [thumbnailer-1] thumbnail created photo=133422956 format=jpg sizes=256,1024 ms=76
2021-12-07 16:11:33,849 INFO [thumbnailer-1] thumbnail created photo=133422957 format=jpg sizes=256,1024 ms=47
2021-12-07 16:11:36,748 INFO [thumbnailer-2] thumbnail created photo=133422958 format=jpg sizes=256,1024 ms=36
2021-12-07 16:13:42,892 INFO [thumbnailer-1] thumbnail created photo=133422959 format=jpg sizes=256,1024 ms=46
2021-12-07 16:13:51,297 INFO [thumbnailer-1] thumbnail created photo=133422960 format=jpg sizes=256,1024 ms=45
2021-12-07 16:18:42,446 INFO [thumbnailer-1] thumbnail created photo=133422961 format=jpg sizes=256,1024 ms=49
2021-12-07 16:20:42,119 ERROR [thumbnailer-2] cannot decode image format=heic bytes=2202009: cannot identify image file <_io.BytesIO object at 0x7f3a775d>
2021-12-07 16:21:12,106 ERROR [thumbnailer-2] cannot decode image format=heic bytes=2202009: cannot identify image file <_io.BytesIO object at 0x7f3a15c7>
2021-12-07 16:22:05,661 ERROR [thumbnailer-2] cannot decode image format=heic bytes=3145728: cannot identify image file <_io.BytesIO object at 0x7f3ac781>
2021-12-07 16:22:35,558 ERROR [thumbnailer-2] cannot decode image format=heic bytes=3145728: cannot identify image file <_io.BytesIO object at 0x7f3a407c>
2021-12-07 16:22:42,087 ERROR [thumbnailer-1] cannot decode image format=heic bytes=2202009: cannot identify image file <_io.BytesIO object at 0x7f3ae628>
2021-12-07 16:24:05,638 ERROR [thumbnailer-1] cannot decode image format=heic bytes=3145728: cannot identify image file <_io.BytesIO object at 0x7f3aab23>
2021-12-07 16:30:41,958 ERROR [thumbnailer-2] cannot decode image format=heic bytes=2202009: cannot identify image file <_io.BytesIO object at 0x7f3a2561>
2021-12-07 16:32:05,321 ERROR [thumbnailer-2] cannot decode image format=heic bytes=3145728: cannot identify image file <_io.BytesIO object at 0x7f3a8790>
2021-12-07 16:42:26,107 ERROR [thumbnailer-1] cannot decode image format=heic bytes=3355443: cannot identify image file <_io.BytesIO object at 0x7f3aada8>
2021-12-07 16:42:56,145 ERROR [thumbnailer-2] cannot decode image format=heic bytes=3355443: cannot identify image file <_io.BytesIO object at 0x7f3a9a4c>
2021-12-07 16:44:08,485 INFO [thumbnailer-1] thumbnail created photo=133422962 format=jpg sizes=256,1024 ms=56
2021-12-07 16:44:26,038 ERROR [thumbnailer-1] cannot decode image format=heic bytes=3355443: cannot identify image file <_io.BytesIO object at 0x7f3a24cf>
2021-12-07 16:44:44,815 ERROR [thumbnailer-2] cannot decode image format=heic bytes=2097152: cannot identify image file <_io.BytesIO object at 0x7f3a5a87>
2021-12-07 16:45:14,824 ERROR [thumbnailer-2] cannot decode image format=heic bytes=2097152: cannot identify image file <_io.BytesIO object at 0x7f3a1947>
2021-12-07 16:46:44,649 ERROR [thumbnailer-2] cannot decode image format=heic bytes=2097152: cannot identify image file <_io.BytesIO object at 0x7f3a6fc5>
2021-12-07 16:50:42,021 ERROR [thumbnailer-1] cannot decode image format=heic bytes=2202009: cannot identify image file <_io.BytesIO object at 0x7f3adaec>
2021-12-07 16:52:05,450 ERROR [thumbnailer-1] cannot decode image format=heic bytes=3145728: cannot identify image file <_io.BytesIO object at 0x7f3ad00f>
2021-12-07 16:52:26,228 ERROR [thumbnailer-1] cannot decode image format=heic bytes=3355443: cannot identify image file <_io.BytesIO object at 0x7f3af18e>
